---
source: src/core/translator/tests.rs
expression: result
---
{
  "max_tokens": 64000,
  "messages": [
    {
      "content": [
        {
          "text": "Get the weather in Paris",
          "type": "text"
        }
      ],
      "role": "user"
    },
    {
      "content": [
        {
          "id": "call_123",
          "input": {
            "location": "Paris"
          },
          "name": "get_weather",
          "type": "tool_use"
        }
      ],
      "role": "assistant"
    },
    {
      "content": [
        {
          "content": "{\"temperature\": 22, \"condition\": \"sunny\"}",
          "tool_use_id": "call_123",
          "type": "tool_result"
        }
      ],
      "role": "user"
    },
    {
      "content": [
        {
          "text": "Thanks!",
          "type": "text"
        }
      ],
      "role": "user"
    }
  ],
  "model": "test-model",
  "stream": false,
  "system": [
    {
      "text": "You are Claude Code, Anthropic's official CLI for Claude.",
      "type": "text"
    }
  ],
  "tools": [
    {
      "cache_control": {
        "ttl": "1h",
        "type": "ephemeral"
      },
      "description": "Get current weather",
      "input_schema": {
        "properties": {
          "location": {
            "type": "string"
          }
        },
        "required": [
          "location"
        ],
        "type": "object"
      },
      "name": "get_weather"
    }
  ]
}
