---
source: src/core/translator/tests.rs
expression: result
---
{
  "contents": [
    {
      "parts": [
        {
          "text": "Calculate 2+2"
        }
      ],
      "role": "user"
    }
  ],
  "generationConfig": {},
  "model": "test-model",
  "safetySettings": [
    {
      "category": "HARM_CATEGORY_HARASSMENT",
      "threshold": "OFF"
    },
    {
      "category": "HARM_CATEGORY_HATE_SPEECH",
      "threshold": "OFF"
    },
    {
      "category": "HARM_CATEGORY_SEXUALLY_EXPLICIT",
      "threshold": "OFF"
    },
    {
      "category": "HARM_CATEGORY_DANGEROUS_CONTENT",
      "threshold": "OFF"
    },
    {
      "category": "HARM_CATEGORY_CIVIC_INTEGRITY",
      "threshold": "OFF"
    }
  ],
  "tools": [
    {
      "functionDeclarations": [
        {
          "description": "Perform calculation",
          "name": "calculate",
          "parameters": {
            "properties": {
              "expression": {
                "type": "string"
              }
            },
            "required": [
              "expression"
            ],
            "type": "object"
          }
        }
      ]
    }
  ]
}
