---
source: src/core/translator/tests.rs
assertion_line: 255
expression: result
---
{
  "max_tokens": 64000,
  "messages": [
    {
      "content": [
        {
          "text": "Solve this math problem step by step",
          "type": "text"
        }
      ],
      "role": "user"
    }
  ],
  "model": "test-model",
  "stream": false,
  "system": [
    {
      "text": "You are Claude Code, Anthropic's official CLI for Claude.",
      "type": "text"
    }
  ],
  "thinking": {
    "budget_tokens": 24576,
    "type": "enabled"
  }
}
