---
source: src/core/translator/tests.rs
expression: result
---
{
  "max_tokens": 64000,
  "messages": [
    {
      "content": [
        {
          "text": "Describe this image",
          "type": "text"
        },
        {
          "source": {
            "type": "url",
            "url": "https://example.com/photo.jpg"
          },
          "type": "image"
        }
      ],
      "role": "user"
    }
  ],
  "model": "test-model",
  "stream": false,
  "system": [
    {
      "text": "You are Claude Code, Anthropic's official CLI for Claude.",
      "type": "text"
    }
  ]
}
